
> logimarui-frontend@0.1.0 build-start
> next build && node ./scripts/run-next-with-port.mjs start

▲ Next.js 16.2.4 (Turbopack)
- Environments: .env.local

  Creating an optimized production build ...
✓ Compiled successfully in 6.7s
  Running TypeScript ...
  Finished TypeScript in 120ms ...
  Collecting page data using 10 workers ...
  Generating static pages using 10 workers (0/8) ...
  Generating static pages using 10 workers (2/8) 
  Generating static pages using 10 workers (4/8) 
  Generating static pages using 10 workers (6/8) 
✓ Generating static pages using 10 workers (8/8) in 713ms
  Finalizing page optimization ...

Route (app)
┌ ○ /
├ ○ /_not-found
├ ○ /dpo
├ ƒ /dpo/[pillar]
├ ○ /forgot-password
├ ○ /home
├ ○ /login
└ ○ /register


○  (Static)   prerendered as static content
ƒ  (Dynamic)  server-rendered on demand

▲ Next.js 16.2.4
- Local:         http://localhost:8091
- Network:       http://192.168.0.43:8091
✓ Ready in 250ms

> logimarui-frontend@0.1.0 build-start
> next build && node ./scripts/run-next-with-port.mjs start

▲ Next.js 16.2.4 (Turbopack)
- Environments: .env.local

  Creating an optimized production build ...
✓ Compiled successfully in 4.5s
  Running TypeScript ...
  Finished TypeScript in 189ms ...
  Collecting page data using 10 workers ...
  Generating static pages using 10 workers (0/8) ...
  Generating static pages using 10 workers (2/8) 
  Generating static pages using 10 workers (4/8) 
  Generating static pages using 10 workers (6/8) 
✓ Generating static pages using 10 workers (8/8) in 929ms
  Finalizing page optimization ...

Route (app)
┌ ○ /
├ ○ /_not-found
├ ○ /dpo
├ ƒ /dpo/[pillar]
├ ○ /forgot-password
├ ○ /home
├ ○ /login
└ ○ /register


○  (Static)   prerendered as static content
ƒ  (Dynamic)  server-rendered on demand

▲ Next.js 16.2.4
- Local:         http://localhost:8091
- Network:       http://192.168.0.43:8091
✓ Ready in 275ms

> logimarui-frontend@0.1.0 build-start
> next build && node ./scripts/run-next-with-port.mjs start

▲ Next.js 16.2.4 (Turbopack)
- Environments: .env.local

  Creating an optimized production build ...
✓ Compiled successfully in 4.9s
  Running TypeScript ...
  Finished TypeScript in 131ms ...
  Collecting page data using 10 workers ...
  Generating static pages using 10 workers (0/8) ...
  Generating static pages using 10 workers (2/8) 
  Generating static pages using 10 workers (4/8) 
  Generating static pages using 10 workers (6/8) 
✓ Generating static pages using 10 workers (8/8) in 777ms
  Finalizing page optimization ...

Route (app)
┌ ○ /
├ ○ /_not-found
├ ○ /dpo
├ ƒ /dpo/[pillar]
├ ○ /forgot-password
├ ○ /home
├ ○ /login
└ ○ /register


○  (Static)   prerendered as static content
ƒ  (Dynamic)  server-rendered on demand

▲ Next.js 16.2.4
- Local:         http://localhost:8091
- Network:       http://192.168.0.43:8091
✓ Ready in 277ms

> logimarui-frontend@0.1.0 build-start
> next build && node ./scripts/run-next-with-port.mjs start

▲ Next.js 16.2.4 (Turbopack)
- Environments: .env.local

  Creating an optimized production build ...
✓ Compiled successfully in 4.4s
  Running TypeScript ...
  Finished TypeScript in 130ms ...
  Collecting page data using 10 workers ...
  Generating static pages using 10 workers (0/8) ...
  Generating static pages using 10 workers (2/8) 
  Generating static pages using 10 workers (4/8) 
  Generating static pages using 10 workers (6/8) 
✓ Generating static pages using 10 workers (8/8) in 797ms
  Finalizing page optimization ...

Route (app)
┌ ○ /
├ ○ /_not-found
├ ○ /dpo
├ ƒ /dpo/[pillar]
├ ○ /forgot-password
├ ○ /home
├ ○ /login
└ ○ /register


○  (Static)   prerendered as static content
ƒ  (Dynamic)  server-rendered on demand

▲ Next.js 16.2.4
- Local:         http://localhost:8091
- Network:       http://192.168.0.43:8091
✓ Ready in 224ms

> logimarui-frontend@0.1.0 build-start
> next build && node ./scripts/run-next-with-port.mjs start

▲ Next.js 16.2.4 (Turbopack)
- Environments: .env.local

  Creating an optimized production build ...
✓ Compiled successfully in 4.1s
  Running TypeScript ...
  Finished TypeScript in 170ms ...
  Collecting page data using 10 workers ...
  Generating static pages using 10 workers (0/8) ...
  Generating static pages using 10 workers (2/8) 
  Generating static pages using 10 workers (4/8) 
  Generating static pages using 10 workers (6/8) 
✓ Generating static pages using 10 workers (8/8) in 821ms
  Finalizing page optimization ...

Route (app)
┌ ○ /
├ ○ /_not-found
├ ○ /dpo
├ ƒ /dpo/[pillar]
├ ○ /forgot-password
├ ○ /home
├ ○ /login
└ ○ /register


○  (Static)   prerendered as static content
ƒ  (Dynamic)  server-rendered on demand

▲ Next.js 16.2.4
- Local:         http://localhost:8091
- Network:       http://192.168.0.43:8091
✓ Ready in 241ms

> logimarui-frontend@0.1.0 build-start
> next build && node ./scripts/run-next-with-port.mjs start

▲ Next.js 16.2.4 (Turbopack)
- Environments: .env.local

  Creating an optimized production build ...
✓ Compiled successfully in 4.4s
  Running TypeScript ...
  Finished TypeScript in 136ms ...
  Collecting page data using 10 workers ...
  Generating static pages using 10 workers (0/8) ...
  Generating static pages using 10 workers (2/8) 
  Generating static pages using 10 workers (4/8) 
  Generating static pages using 10 workers (6/8) 
✓ Generating static pages using 10 workers (8/8) in 858ms
  Finalizing page optimization ...

Route (app)
┌ ○ /
├ ○ /_not-found
├ ○ /dpo
├ ƒ /dpo/[pillar]
├ ○ /forgot-password
├ ○ /home
├ ○ /login
└ ○ /register


○  (Static)   prerendered as static content
ƒ  (Dynamic)  server-rendered on demand

▲ Next.js 16.2.4
- Local:         http://localhost:8091
- Network:       http://192.168.0.43:8091
✓ Ready in 245ms

> logimarui-frontend@0.1.0 build-start
> next build && node ./scripts/run-next-with-port.mjs start

▲ Next.js 16.2.4 (Turbopack)
- Environments: .env.local

  Creating an optimized production build ...
✓ Compiled successfully in 4.1s
  Running TypeScript ...
  Finished TypeScript in 144ms ...
  Collecting page data using 10 workers ...
  Generating static pages using 10 workers (0/8) ...
  Generating static pages using 10 workers (2/8) 
  Generating static pages using 10 workers (4/8) 
  Generating static pages using 10 workers (6/8) 
✓ Generating static pages using 10 workers (8/8) in 800ms
  Finalizing page optimization ...

Route (app)
┌ ○ /
├ ○ /_not-found
├ ○ /dpo
├ ƒ /dpo/[pillar]
├ ○ /forgot-password
├ ○ /home
├ ○ /login
└ ○ /register


○  (Static)   prerendered as static content
ƒ  (Dynamic)  server-rendered on demand

▲ Next.js 16.2.4
- Local:         http://localhost:8091
- Network:       http://192.168.0.43:8091
✓ Ready in 264ms

> logimarui-frontend@0.1.0 build-start
> next build && node ./scripts/run-next-with-port.mjs start

▲ Next.js 16.2.4 (Turbopack)
- Environments: .env.local

  Creating an optimized production build ...
✓ Compiled successfully in 3.7s
  Running TypeScript ...
  Finished TypeScript in 168ms ...
  Collecting page data using 10 workers ...
  Generating static pages using 10 workers (0/8) ...
  Generating static pages using 10 workers (2/8) 
  Generating static pages using 10 workers (4/8) 
  Generating static pages using 10 workers (6/8) 
✓ Generating static pages using 10 workers (8/8) in 813ms
  Finalizing page optimization ...

Route (app)
┌ ○ /
├ ○ /_not-found
├ ○ /dpo
├ ƒ /dpo/[pillar]
├ ○ /forgot-password
├ ○ /home
├ ○ /login
└ ○ /register


○  (Static)   prerendered as static content
ƒ  (Dynamic)  server-rendered on demand

▲ Next.js 16.2.4
- Local:         http://localhost:8091
- Network:       http://192.168.0.43:8091
✓ Ready in 276ms

> logimarui-frontend@0.1.0 build-start
> next build && node ./scripts/run-next-with-port.mjs start

▲ Next.js 16.2.4 (Turbopack)
- Environments: .env.local

  Creating an optimized production build ...
✓ Compiled successfully in 11.4s
  Running TypeScript ...
  Finished TypeScript in 139ms ...
  Collecting page data using 10 workers ...
  Generating static pages using 10 workers (0/8) ...
  Generating static pages using 10 workers (2/8) 
  Generating static pages using 10 workers (4/8) 
  Generating static pages using 10 workers (6/8) 
✓ Generating static pages using 10 workers (8/8) in 765ms
  Finalizing page optimization ...

Route (app)
┌ ○ /
├ ○ /_not-found
├ ○ /dpo
├ ƒ /dpo/[pillar]
├ ○ /forgot-password
├ ○ /home
├ ○ /login
└ ○ /register


○  (Static)   prerendered as static content
ƒ  (Dynamic)  server-rendered on demand

▲ Next.js 16.2.4
- Local:         http://localhost:8091
- Network:       http://192.168.0.43:8091
✓ Ready in 357ms

> logimarui-frontend@0.1.0 build-start
> next build && node ./scripts/run-next-with-port.mjs start

▲ Next.js 16.2.4 (Turbopack)
- Environments: .env.local

  Creating an optimized production build ...
✓ Compiled successfully in 4.2s
  Running TypeScript ...
  Finished TypeScript in 190ms ...
  Collecting page data using 10 workers ...
  Generating static pages using 10 workers (0/8) ...
  Generating static pages using 10 workers (2/8) 
  Generating static pages using 10 workers (4/8) 
  Generating static pages using 10 workers (6/8) 
✓ Generating static pages using 10 workers (8/8) in 1011ms
  Finalizing page optimization ...

Route (app)
┌ ○ /
├ ○ /_not-found
├ ○ /dpo
├ ƒ /dpo/[pillar]
├ ○ /forgot-password
├ ○ /home
├ ○ /login
└ ○ /register


○  (Static)   prerendered as static content
ƒ  (Dynamic)  server-rendered on demand

▲ Next.js 16.2.4
- Local:         http://localhost:8091
- Network:       http://192.168.0.43:8091
✓ Ready in 254ms

> logimarui-frontend@0.1.0 build-start
> next build && node ./scripts/run-next-with-port.mjs start

▲ Next.js 16.2.4 (Turbopack)
- Environments: .env.local

  Creating an optimized production build ...
✓ Compiled successfully in 4.0s
  Running TypeScript ...
  Finished TypeScript in 162ms ...
  Collecting page data using 10 workers ...
  Generating static pages using 10 workers (0/8) ...
  Generating static pages using 10 workers (2/8) 
  Generating static pages using 10 workers (4/8) 
  Generating static pages using 10 workers (6/8) 
✓ Generating static pages using 10 workers (8/8) in 871ms
  Finalizing page optimization ...

Route (app)
┌ ○ /
├ ○ /_not-found
├ ○ /dpo
├ ƒ /dpo/[pillar]
├ ○ /forgot-password
├ ○ /home
├ ○ /login
└ ○ /register


○  (Static)   prerendered as static content
ƒ  (Dynamic)  server-rendered on demand

▲ Next.js 16.2.4
- Local:         http://localhost:8091
- Network:       http://192.168.0.43:8091
✓ Ready in 251ms

> logimarui-frontend@0.1.0 build-start
> next build && node ./scripts/run-next-with-port.mjs start

▲ Next.js 16.2.4 (Turbopack)
- Environments: .env.local

  Creating an optimized production build ...
✓ Compiled successfully in 4.9s
  Running TypeScript ...
  Finished TypeScript in 163ms ...
  Collecting page data using 11 workers ...
  Generating static pages using 11 workers (0/9) ...
  Generating static pages using 11 workers (2/9) 
  Generating static pages using 11 workers (4/9) 
  Generating static pages using 11 workers (6/9) 
✓ Generating static pages using 11 workers (9/9) in 813ms
  Finalizing page optimization ...

Route (app)
┌ ○ /
├ ○ /_not-found
├ ○ /dpo
├ ƒ /dpo/[pillar]
├ ○ /forgot-password
├ ○ /home
├ ○ /login
├ ○ /register
└ ○ /servidor


○  (Static)   prerendered as static content
ƒ  (Dynamic)  server-rendered on demand

▲ Next.js 16.2.4
- Local:         http://localhost:8092
- Network:       http://192.168.0.43:8092
✓ Ready in 265ms

> logimarui-frontend@0.1.0 build-start
> next build && node ./scripts/run-next-with-port.mjs start

▲ Next.js 16.2.4 (Turbopack)
- Environments: .env.local

  Creating an optimized production build ...
✓ Compiled successfully in 4.5s
  Running TypeScript ...
  Finished TypeScript in 138ms ...
  Collecting page data using 11 workers ...
  Generating static pages using 11 workers (0/9) ...
  Generating static pages using 11 workers (2/9) 
  Generating static pages using 11 workers (4/9) 
  Generating static pages using 11 workers (6/9) 
✓ Generating static pages using 11 workers (9/9) in 803ms
  Finalizing page optimization ...

Route (app)
┌ ○ /
├ ○ /_not-found
├ ○ /dpo
├ ƒ /dpo/[pillar]
├ ○ /forgot-password
├ ○ /home
├ ○ /login
├ ○ /register
└ ○ /servidor


○  (Static)   prerendered as static content
ƒ  (Dynamic)  server-rendered on demand

▲ Next.js 16.2.4
- Local:         http://localhost:8091
- Network:       http://192.168.0.43:8091
✓ Ready in 240ms

> logimarui-frontend@0.1.0 build-start
> next build && node ./scripts/run-next-with-port.mjs start

▲ Next.js 16.2.4 (Turbopack)
- Environments: .env.local

  Creating an optimized production build ...
✓ Compiled successfully in 4.0s
  Running TypeScript ...
  Finished TypeScript in 254ms ...
  Collecting page data using 11 workers ...
  Generating static pages using 11 workers (0/9) ...
  Generating static pages using 11 workers (2/9) 
  Generating static pages using 11 workers (4/9) 
  Generating static pages using 11 workers (6/9) 
✓ Generating static pages using 11 workers (9/9) in 951ms
  Finalizing page optimization ...

Route (app)
┌ ○ /
├ ○ /_not-found
├ ○ /dpo
├ ƒ /dpo/[pillar]
├ ○ /forgot-password
├ ○ /home
├ ○ /login
├ ○ /register
└ ○ /servidor


○  (Static)   prerendered as static content
ƒ  (Dynamic)  server-rendered on demand

▲ Next.js 16.2.4
- Local:         http://localhost:8091
- Network:       http://192.168.0.43:8091
✓ Ready in 257ms

> logimarui-frontend@0.1.0 build-start
> next build && node ./scripts/run-next-with-port.mjs start

▲ Next.js 16.2.4 (Turbopack)
- Environments: .env.local

  Creating an optimized production build ...
✓ Compiled successfully in 4.7s
  Running TypeScript ...
  Finished TypeScript in 200ms ...
  Collecting page data using 12 workers ...
  Generating static pages using 12 workers (0/10) ...
  Generating static pages using 12 workers (2/10) 
  Generating static pages using 12 workers (4/10) 
  Generating static pages using 12 workers (7/10) 
✓ Generating static pages using 12 workers (10/10) in 898ms
  Finalizing page optimization ...

Route (app)
┌ ○ /
├ ○ /_not-found
├ ○ /dpo
├ ƒ /dpo/[pillar]
├ ○ /forgot-password
├ ○ /home
├ ○ /login
├ ○ /password-recovery/reset
├ ○ /register
└ ○ /servidor


○  (Static)   prerendered as static content
ƒ  (Dynamic)  server-rendered on demand

▲ Next.js 16.2.4
- Local:         http://localhost:8091
- Network:       http://192.168.0.43:8091
✓ Ready in 373ms

> logimarui-frontend@0.1.0 build-start
> next build && node ./scripts/run-next-with-port.mjs start

▲ Next.js 16.2.4 (Turbopack)
- Environments: .env.local

  Creating an optimized production build ...
✓ Compiled successfully in 4.5s
  Running TypeScript ...
  Finished TypeScript in 188ms ...
  Collecting page data using 12 workers ...
  Generating static pages using 12 workers (0/10) ...
  Generating static pages using 12 workers (2/10) 
  Generating static pages using 12 workers (4/10) 
  Generating static pages using 12 workers (7/10) 
✓ Generating static pages using 12 workers (10/10) in 917ms
  Finalizing page optimization ...

Route (app)
┌ ○ /
├ ○ /_not-found
├ ○ /dpo
├ ƒ /dpo/[pillar]
├ ○ /forgot-password
├ ○ /home
├ ○ /login
├ ○ /password-recovery/reset
├ ○ /register
└ ○ /servidor


○  (Static)   prerendered as static content
ƒ  (Dynamic)  server-rendered on demand

▲ Next.js 16.2.4
- Local:         http://localhost:8091
- Network:       http://192.168.0.43:8091
✓ Ready in 241ms
