 Network n8n_default  Creating
 Network n8n_default  Created
 Container n8n  Creating
 Container n8n  Created
 Container n8n  Starting
 Container n8n  Started
 Container n8n  Stopping
 Container n8n  Stopped
 Container n8n  Removing
 Container n8n  Removed
 Network n8n_default  Removing
 Network n8n_default  Removed
 Network n8n_default  Creating
 Network n8n_default  Created
 Container n8n  Creating
 Container n8n  Created
 Container n8n  Starting
 Container n8n  Started
 Container n8n  Stopping
 Container n8n  Stopped
 Container n8n  Removing
 Container n8n  Removed
 Network n8n_default  Removing
 Network n8n_default  Removed
 Network n8n_default  Creating
 Network n8n_default  Created
 Container n8n  Creating
 Container n8n  Created
 Container n8n  Starting
 Container n8n  Started
 Container n8n  Stopping
 Container n8n  Stopped
 Container n8n  Removing
 Container n8n  Removed
 Network n8n_default  Removing
 Network n8n_default  Removed
 Network n8n_default  Creating
 Network n8n_default  Created
 Container n8n  Creating
 Container n8n  Created
 Container n8n  Starting
 Container n8n  Started
 Container n8n  Stopping
 Container n8n  Stopped
 Container n8n  Removing
 Container n8n  Removed
 Network n8n_default  Removing
 Network n8n_default  Removed
 Network n8n_default  Creating
 Network n8n_default  Created
 Container n8n  Creating
 Container n8n  Created
 Container n8n  Starting
 Container n8n  Started
 Container n8n  Stopping
 Container n8n  Stopped
 Container n8n  Removing
 Container n8n  Removed
 Network n8n_default  Removing
 Network n8n_default  Removed
 Network n8n_default  Creating
 Network n8n_default  Created
 Container n8n  Creating
 Container n8n  Created
 Container n8n  Starting
 Container n8n  Started
 Container n8n  Stopping
 Container n8n  Stopped
 Container n8n  Removing
 Container n8n  Removed
 Network n8n_default  Removing
 Network n8n_default  Removed
 Network n8n_default  Creating
 Network n8n_default  Created
 Container n8n  Creating
 Container n8n  Created
 Container n8n  Starting
 Container n8n  Started
 Container n8n  Stopping
 Container n8n  Stopped
 Container n8n  Removing
 Container n8n  Removed
 Network n8n_default  Removing
 Network n8n_default  Removed
 Network n8n_default  Creating
 Network n8n_default  Created
 Container n8n  Creating
 Container n8n  Created
 Container n8n  Starting
 Container n8n  Started
 Container n8n  Stopping
 Container n8n  Stopped
 Container n8n  Removing
 Container n8n  Removed
 Network n8n_default  Removing
 Network n8n_default  Removed
 Network n8n_default  Creating
 Network n8n_default  Created
 Container n8n  Creating
 Container n8n  Created
 Container n8n  Starting
 Container n8n  Started
 Container n8n  Stopping
 Container n8n  Stopped
 Container n8n  Removing
 Container n8n  Removed
 Network n8n_default  Removing
 Network n8n_default  Removed
 Network n8n_default  Creating
 Network n8n_default  Created
 Container n8n  Creating
 Container n8n  Created
 Container n8n  Starting
 Container n8n  Started
 Container n8n  Stopping
 Container n8n  Stopped
 Container n8n  Removing
 Container n8n  Removed
 Network n8n_default  Removing
 Network n8n_default  Removed
 Network n8n_default  Creating
 Network n8n_default  Created
 Container n8n  Creating
 Container n8n  Created
 Container n8n  Starting
 Container n8n  Started
 Container n8n  Stopping
 Container n8n  Stopped
 Container n8n  Removing
 Container n8n  Removed
 Network n8n_default  Removing
 Network n8n_default  Removed
 Network n8n_default  Creating
 Network n8n_default  Created
 Container n8n  Creating
 Container n8n  Created
 Container n8n  Starting
 Container n8n  Started
 Container n8n  Stopping
 Container n8n  Stopped
 Container n8n  Removing
 Container n8n  Removed
 Network n8n_default  Removing
 Network n8n_default  Removed
 Network n8n_default  Creating
 Network n8n_default  Created
 Container n8n  Creating
 Container n8n  Created
 Container n8n  Starting
 Container n8n  Started
 Container n8n  Stopping
 Container n8n  Stopped
 Container n8n  Removing
 Container n8n  Removed
 Network n8n_default  Removing
 Network n8n_default  Removed
 Network n8n_default  Creating
 Network n8n_default  Created
 Container n8n  Creating
 Container n8n  Created
 Container n8n  Starting
 Container n8n  Started
 Container n8n  Stopping
 Container n8n  Stopped
 Container n8n  Removing
 Container n8n  Removed
 Network n8n_default  Removing
 Network n8n_default  Removed
 Network n8n_default  Creating
 Network n8n_default  Created
 Container n8n  Creating
 Container n8n  Created
 Container n8n  Starting
 Container n8n  Started
 Container n8n  Stopping
 Container n8n  Stopped
 Container n8n  Removing
 Container n8n  Removed
 Network n8n_default  Removing
 Network n8n_default  Removed
 Network n8n_default  Creating
 Network n8n_default  Created
 Container n8n  Creating
 Container n8n  Created
 Container n8n  Starting
 Container n8n  Started
 Container n8n  Stopping
 Container n8n  Stopped
 Container n8n  Removing
 Container n8n  Removed
 Network n8n_default  Removing
 Network n8n_default  Removed
 Container n8n  Stopping
 Container n8n  Stopped
 Container n8n  Removing
 Container n8n  Removed
 Network n8n_default  Removing
 Network n8n_default  Removed
 Network n8n_default  Creating
 Network n8n_default  Created
 Container n8n  Creating
 Container n8n  Created
 Container n8n  Starting
 Container n8n  Started
 Container n8n  Stopping
 Container n8n  Stopped
 Container n8n  Removing
 Container n8n  Removed
 Network n8n_default  Removing
 Network n8n_default  Removed
 Network n8n_default  Creating
 Network n8n_default  Created
 Container n8n  Creating
 Container n8n  Created
 Container n8n  Starting
 Container n8n  Started
 Container n8n  Stopping
 Container n8n  Stopped
 Container n8n  Removing
 Container n8n  Removed
 Network n8n_default  Removing
 Network n8n_default  Removed
 Network n8n_default  Creating
 Network n8n_default  Created
 Container n8n  Creating
 Container n8n  Created
 Container n8n  Starting
 Container n8n  Started
 Container n8n  Stopping
 Container n8n  Stopped
 Container n8n  Removing
 Container n8n  Removed
 Network n8n_default  Removing
 Network n8n_default  Removed
 Network n8n_default  Creating
 Network n8n_default  Created
 Container n8n  Creating
 Container n8n  Created
 Container n8n  Starting
 Container n8n  Started
 Container n8n  Stopping
 Container n8n  Stopped
 Container n8n  Removing
 Container n8n  Removed
 Network n8n_default  Removing
 Network n8n_default  Removed
 Network n8n_default  Creating
 Network n8n_default  Created
 Container n8n  Creating
 Container n8n  Created
 Container n8n  Starting
 Container n8n  Started
 Container n8n  Stopping
 Container n8n  Stopped
 Container n8n  Removing
 Container n8n  Removed
 Network n8n_default  Removing
 Network n8n_default  Removed
 Container n8n  Starting
 Container n8n  Started
 Container n8n  Stopping
 Container n8n  Stopped
 Container n8n  Removing
 Container n8n  Removed
 Network n8n_default  Removing
 Network n8n_default  Removed
 Network n8n_default  Creating
 Network n8n_default  Created
 Container n8n  Creating
 Container n8n  Created
 Container n8n  Starting
 Container n8n  Started
